2026-03-18 12:17:43,564 - aqt.helper - DEBUG - helper 140577416742784 Attempt to download checksum at https://download.qt.io/online/qtsdkrepository/windows_x86/desktop/qt6_682/qt6_682/Updates.xml.sha256
2026-03-18 12:17:50,015 - aqt.main - INFO - installer 140413523543936 aqtinstall(aqt) v3.3.0 on Python 3.13.5 [CPython GCC 14.2.0]
2026-03-18 12:17:50,015 - aqt.helper - DEBUG - helper 140413523543936 Attempt to download checksum at https://download.qt.io/online/qtsdkrepository/windows_x86/desktop/qt6_682/qt6_682/Updates.xml.sha256
2026-03-18 12:17:50,694 - aqt.helper - DEBUG - helper 140413523543936 Attempt to download checksum at https://download.qt.io/online/qtsdkrepository/windows_x86/extensions/qtwebengine/682/mingw/Updates.xml.sha256
2026-03-18 12:17:50,932 - aqt.helper - DEBUG - helper 140413523543936 Attempt to download checksum at https://download.qt.io/online/qtsdkrepository/windows_x86/extensions/qtwebengine/682/mingw/Updates.xml.sha256
2026-03-18 12:17:51,168 - aqt.helper - DEBUG - helper 140413523543936 Attempt to download checksum at https://download.qt.io/online/qtsdkrepository/windows_x86/extensions/qtwebengine/682/mingw/Updates.xml.sha256
2026-03-18 12:17:51,407 - aqt.helper - DEBUG - helper 140413523543936 Attempt to download checksum at https://download.qt.io/online/qtsdkrepository/windows_x86/extensions/qtwebengine/682/mingw/Updates.xml.sha256
2026-03-18 12:17:54,805 - aqt.helper - DEBUG - helper 140413523543936 Attempt to download checksum at https://download.qt.io/online/qtsdkrepository/windows_x86/extensions/qtwebengine/682/mingw/Updates.xml.sha256
2026-03-18 12:17:55,035 - aqt.helper - DEBUG - helper 140413523543936 Attempt to download checksum at https://download.qt.io/online/qtsdkrepository/windows_x86/extensions/qtpdf/682/mingw/Updates.xml.sha256
2026-03-18 12:17:55,507 - aqt.archives - INFO - archives 140413523543936 Found extension qtpdf
2026-03-18 12:17:56,010 - aqt.helper - DEBUG - helper 140342562248576 Attempt to download checksum at https://download.qt.io/online/qtsdkrepository/windows_x86/desktop/qt6_682/qt6_682/qt.qt6.682.addons.qtwebsockets.win64_mingw/6.8.2-0-202501260838qtwebsockets-Windows-Windows_10_22H2-Mingw-Windows-Windows_10_22H2-X86_64.7z.sha256
2026-03-18 12:17:56,015 - aqt.helper - DEBUG - helper 140152408315776 Attempt to download checksum at https://download.qt.io/online/qtsdkrepository/windows_x86/desktop/qt6_682/qt6_682/qt.qt6.682.win64_mingw/6.8.2-0-202501260838qtbase-Windows-Windows_10_22H2-Mingw-Windows-Windows_10_22H2-X86_64.7z.sha256
2026-03-18 12:17:56,022 - aqt.helper - DEBUG - helper 140063598155648 Attempt to download checksum at https://download.qt.io/online/qtsdkrepository/windows_x86/desktop/qt6_682/qt6_682/qt.qt6.682.win64_mingw/6.8.2-0-202501260838qtsvg-Windows-Windows_10_22H2-Mingw-Windows-Windows_10_22H2-X86_64.7z.sha256
2026-03-18 12:17:56,034 - aqt.helper - DEBUG - helper 140335416670080 Attempt to download checksum at https://download.qt.io/online/qtsdkrepository/windows_x86/desktop/qt6_682/qt6_682/qt.qt6.682.win64_mingw/6.8.2-0-202501260838qtdeclarative-Windows-Windows_10_22H2-Mingw-Windows-Windows_10_22H2-X86_64.7z.sha256
2026-03-18 12:17:56,251 - aqt.helper - INFO - helper 140342562248576 Downloading qtwebsockets...
2026-03-18 12:17:56,251 - aqt.installer - DEBUG - installer 140342562248576 Download URL: https://download.qt.io/online/qtsdkrepository/windows_x86/desktop/qt6_682/qt6_682/qt.qt6.682.addons.qtwebsockets.win64_mingw/6.8.2-0-202501260838qtwebsockets-Windows-Windows_10_22H2-Mingw-Windows-Windows_10_22H2-X86_64.7z
2026-03-18 12:17:56,257 - aqt.helper - INFO - helper 140063598155648 Downloading qtsvg...
2026-03-18 12:17:56,257 - aqt.installer - DEBUG - installer 140063598155648 Download URL: https://download.qt.io/online/qtsdkrepository/windows_x86/desktop/qt6_682/qt6_682/qt.qt6.682.win64_mingw/6.8.2-0-202501260838qtsvg-Windows-Windows_10_22H2-Mingw-Windows-Windows_10_22H2-X86_64.7z
2026-03-18 12:17:56,270 - aqt.helper - INFO - helper 140152408315776 Downloading qtbase...
2026-03-18 12:17:56,270 - aqt.installer - DEBUG - installer 140152408315776 Download URL: https://download.qt.io/online/qtsdkrepository/windows_x86/desktop/qt6_682/qt6_682/qt.qt6.682.win64_mingw/6.8.2-0-202501260838qtbase-Windows-Windows_10_22H2-Mingw-Windows-Windows_10_22H2-X86_64.7z
2026-03-18 12:17:56,278 - aqt.helper - INFO - helper 140335416670080 Downloading qtdeclarative...
2026-03-18 12:17:56,278 - aqt.installer - DEBUG - installer 140335416670080 Download URL: https://download.qt.io/online/qtsdkrepository/windows_x86/desktop/qt6_682/qt6_682/qt.qt6.682.win64_mingw/6.8.2-0-202501260838qtdeclarative-Windows-Windows_10_22H2-Mingw-Windows-Windows_10_22H2-X86_64.7z
2026-03-18 12:17:56,486 - aqt.helper - DEBUG - helper 140063598155648 Asked to redirect(302) to: https://ftp.fau.de/qtproject/online/qtsdkrepository/windows_x86/desktop/qt6_682/qt6_682/qt.qt6.682.win64_mingw/6.8.2-0-202501260838qtsvg-Windows-Windows_10_22H2-Mingw-Windows-Windows_10_22H2-X86_64.7z
2026-03-18 12:17:56,486 - aqt.helper - INFO - helper 140063598155648 Redirected: ftp.fau.de
2026-03-18 12:17:56,486 - aqt.helper - DEBUG - helper 140342562248576 Asked to redirect(302) to: https://ftp.fau.de/qtproject/online/qtsdkrepository/windows_x86/desktop/qt6_682/qt6_682/qt.qt6.682.addons.qtwebsockets.win64_mingw/6.8.2-0-202501260838qtwebsockets-Windows-Windows_10_22H2-Mingw-Windows-Windows_10_22H2-X86_64.7z
2026-03-18 12:17:56,487 - aqt.helper - INFO - helper 140342562248576 Redirected: ftp.fau.de
2026-03-18 12:17:56,508 - aqt.helper - DEBUG - helper 140152408315776 Asked to redirect(302) to: https://ftp.fau.de/qtproject/online/qtsdkrepository/windows_x86/desktop/qt6_682/qt6_682/qt.qt6.682.win64_mingw/6.8.2-0-202501260838qtbase-Windows-Windows_10_22H2-Mingw-Windows-Windows_10_22H2-X86_64.7z
2026-03-18 12:17:56,508 - aqt.helper - INFO - helper 140152408315776 Redirected: ftp.fau.de
2026-03-18 12:17:56,513 - aqt.helper - DEBUG - helper 140335416670080 Asked to redirect(302) to: https://ftp.fau.de/qtproject/online/qtsdkrepository/windows_x86/desktop/qt6_682/qt6_682/qt.qt6.682.win64_mingw/6.8.2-0-202501260838qtdeclarative-Windows-Windows_10_22H2-Mingw-Windows-Windows_10_22H2-X86_64.7z
2026-03-18 12:17:56,513 - aqt.helper - INFO - helper 140335416670080 Redirected: ftp.fau.de
2026-03-18 12:17:56,767 - aqt.installer - INFO - installer 140342562248576 Finished installation of qtwebsockets-Windows-Windows_10_22H2-Mingw-Windows-Windows_10_22H2-X86_64.7z in 0.76222956
2026-03-18 12:17:56,795 - aqt.helper - DEBUG - helper 140342562248576 Attempt to download checksum at https://download.qt.io/online/qtsdkrepository/windows_x86/desktop/qt6_682/qt6_682/qt.qt6.682.win64_mingw/6.8.2-0-202501260838qttools-Windows-Windows_10_22H2-Mingw-Windows-Windows_10_22H2-X86_64.7z.sha256
2026-03-18 12:17:56,822 - aqt.installer - INFO - installer 140063598155648 Finished installation of qtsvg-Windows-Windows_10_22H2-Mingw-Windows-Windows_10_22H2-X86_64.7z in 0.80461250
2026-03-18 12:17:56,851 - aqt.helper - DEBUG - helper 140063598155648 Attempt to download checksum at https://download.qt.io/online/qtsdkrepository/windows_x86/desktop/qt6_682/qt6_682/qt.qt6.682.win64_mingw/6.8.2-0-202501260838qttranslations-Windows-Windows_10_22H2-Mingw-Windows-Windows_10_22H2-X86_64.7z.sha256
2026-03-18 12:17:57,058 - aqt.helper - INFO - helper 140342562248576 Downloading qttools...
2026-03-18 12:17:57,059 - aqt.installer - DEBUG - installer 140342562248576 Download URL: https://download.qt.io/online/qtsdkrepository/windows_x86/desktop/qt6_682/qt6_682/qt.qt6.682.win64_mingw/6.8.2-0-202501260838qttools-Windows-Windows_10_22H2-Mingw-Windows-Windows_10_22H2-X86_64.7z
2026-03-18 12:17:57,114 - aqt.helper - INFO - helper 140063598155648 Downloading qttranslations...
2026-03-18 12:17:57,114 - aqt.installer - DEBUG - installer 140063598155648 Download URL: https://download.qt.io/online/qtsdkrepository/windows_x86/desktop/qt6_682/qt6_682/qt.qt6.682.win64_mingw/6.8.2-0-202501260838qttranslations-Windows-Windows_10_22H2-Mingw-Windows-Windows_10_22H2-X86_64.7z
2026-03-18 12:17:57,305 - aqt.helper - DEBUG - helper 140342562248576 Asked to redirect(302) to: https://ftp.fau.de/qtproject/online/qtsdkrepository/windows_x86/desktop/qt6_682/qt6_682/qt.qt6.682.win64_mingw/6.8.2-0-202501260838qttools-Windows-Windows_10_22H2-Mingw-Windows-Windows_10_22H2-X86_64.7z
2026-03-18 12:17:57,306 - aqt.helper - INFO - helper 140342562248576 Redirected: ftp.fau.de
2026-03-18 12:17:57,362 - aqt.helper - DEBUG - helper 140063598155648 Asked to redirect(302) to: https://ftp.fau.de/qtproject/online/qtsdkrepository/windows_x86/desktop/qt6_682/qt6_682/qt.qt6.682.win64_mingw/6.8.2-0-202501260838qttranslations-Windows-Windows_10_22H2-Mingw-Windows-Windows_10_22H2-X86_64.7z
2026-03-18 12:17:57,363 - aqt.helper - INFO - helper 140063598155648 Redirected: ftp.fau.de
2026-03-18 12:17:57,948 - aqt.installer - INFO - installer 140063598155648 Finished installation of qttranslations-Windows-Windows_10_22H2-Mingw-Windows-Windows_10_22H2-X86_64.7z in 1.10245207
2026-03-18 12:17:57,971 - aqt.helper - DEBUG - helper 140063598155648 Attempt to download checksum at https://download.qt.io/online/qtsdkrepository/windows_x86/desktop/qt6_682/qt6_682/qt.qt6.682.win64_mingw/6.8.2-0-202501260838MinGW-w64-x86_64-13.1.0-release-posix-seh-msvcrt-rt_v11-rev1-runtime.7z.sha256
2026-03-18 12:17:58,207 - aqt.helper - INFO - helper 140063598155648 Downloading MinGW...
2026-03-18 12:17:58,208 - aqt.installer - DEBUG - installer 140063598155648 Download URL: https://download.qt.io/online/qtsdkrepository/windows_x86/desktop/qt6_682/qt6_682/qt.qt6.682.win64_mingw/6.8.2-0-202501260838MinGW-w64-x86_64-13.1.0-release-posix-seh-msvcrt-rt_v11-rev1-runtime.7z
2026-03-18 12:17:58,444 - aqt.helper - DEBUG - helper 140063598155648 Asked to redirect(302) to: https://ftp.fau.de/qtproject/online/qtsdkrepository/windows_x86/desktop/qt6_682/qt6_682/qt.qt6.682.win64_mingw/6.8.2-0-202501260838MinGW-w64-x86_64-13.1.0-release-posix-seh-msvcrt-rt_v11-rev1-runtime.7z
2026-03-18 12:17:58,445 - aqt.helper - INFO - helper 140063598155648 Redirected: ftp.fau.de
2026-03-18 12:17:58,774 - aqt.installer - INFO - installer 140063598155648 Finished installation of MinGW-w64-x86_64-13.1.0-release-posix-seh-msvcrt-rt_v11-rev1-runtime.7z in 0.80771676
2026-03-18 12:17:58,796 - aqt.helper - DEBUG - helper 140063598155648 Attempt to download checksum at https://download.qt.io/online/qtsdkrepository/windows_x86/desktop/qt6_682/qt6_682/qt.qt6.682.win64_mingw/6.8.2-0-202501260838d3dcompiler_47-x64.7z.sha256
2026-03-18 12:17:59,037 - aqt.helper - INFO - helper 140063598155648 Downloading d3dcompiler_47...
2026-03-18 12:17:59,037 - aqt.installer - DEBUG - installer 140063598155648 Download URL: https://download.qt.io/online/qtsdkrepository/windows_x86/desktop/qt6_682/qt6_682/qt.qt6.682.win64_mingw/6.8.2-0-202501260838d3dcompiler_47-x64.7z
2026-03-18 12:17:59,269 - aqt.helper - DEBUG - helper 140063598155648 Asked to redirect(302) to: https://ftp.fau.de/qtproject/online/qtsdkrepository/windows_x86/desktop/qt6_682/qt6_682/qt.qt6.682.win64_mingw/6.8.2-0-202501260838d3dcompiler_47-x64.7z
2026-03-18 12:17:59,269 - aqt.helper - INFO - helper 140063598155648 Redirected: ftp.fau.de
2026-03-18 12:17:59,666 - aqt.installer - INFO - installer 140063598155648 Finished installation of d3dcompiler_47-x64.7z in 0.87507460
2026-03-18 12:18:00,263 - aqt.helper - DEBUG - helper 140637053626240 Attempt to download checksum at https://download.qt.io/online/qtsdkrepository/windows_x86/desktop/qt6_682/qt6_682/qt.qt6.682.win64_mingw/6.8.2-0-202501260838opengl32sw-64-mesa_11_2_2-signed_sha256.7z.sha256
2026-03-18 12:18:00,497 - aqt.helper - INFO - helper 140637053626240 Downloading opengl32sw...
2026-03-18 12:18:00,497 - aqt.installer - DEBUG - installer 140637053626240 Download URL: https://download.qt.io/online/qtsdkrepository/windows_x86/desktop/qt6_682/qt6_682/qt.qt6.682.win64_mingw/6.8.2-0-202501260838opengl32sw-64-mesa_11_2_2-signed_sha256.7z
2026-03-18 12:18:00,732 - aqt.helper - DEBUG - helper 140637053626240 Asked to redirect(302) to: https://ftp.fau.de/qtproject/online/qtsdkrepository/windows_x86/desktop/qt6_682/qt6_682/qt.qt6.682.win64_mingw/6.8.2-0-202501260838opengl32sw-64-mesa_11_2_2-signed_sha256.7z
2026-03-18 12:18:00,732 - aqt.helper - INFO - helper 140637053626240 Redirected: ftp.fau.de
2026-03-18 12:18:01,539 - aqt.installer - INFO - installer 140152408315776 Finished installation of qtbase-Windows-Windows_10_22H2-Mingw-Windows-Windows_10_22H2-X86_64.7z in 5.52967016
2026-03-18 12:18:01,624 - aqt.installer - INFO - installer 140637053626240 Finished installation of opengl32sw-64-mesa_11_2_2-signed_sha256.7z in 1.36674890
2026-03-18 12:18:02,257 - aqt.installer - INFO - installer 140342562248576 Finished installation of qttools-Windows-Windows_10_22H2-Mingw-Windows-Windows_10_22H2-X86_64.7z in 5.46905435
2026-03-18 12:18:15,972 - aqt.installer - INFO - installer 140335416670080 Finished installation of qtdeclarative-Windows-Windows_10_22H2-Mingw-Windows-Windows_10_22H2-X86_64.7z in 19.94324563
2026-03-18 12:18:16,423 - aqt.updater - INFO - updater 140413523543936 Patching /home/kalin/qt6-win/6.8.2/mingw_64/lib/pkgconfig/Qt6QuickDialogs2Utils.pc
2026-03-18 12:18:16,426 - aqt.updater - INFO - updater 140413523543936 Patching /home/kalin/qt6-win/6.8.2/mingw_64/lib/pkgconfig/Qt6QmlLocalStorage.pc
2026-03-18 12:18:16,428 - aqt.updater - INFO - updater 140413523543936 Patching /home/kalin/qt6-win/6.8.2/mingw_64/lib/pkgconfig/Qt6QuickControls2BasicStyleImpl.pc
2026-03-18 12:18:16,430 - aqt.updater - INFO - updater 140413523543936 Patching /home/kalin/qt6-win/6.8.2/mingw_64/lib/pkgconfig/Qt6Concurrent.pc
2026-03-18 12:18:16,430 - aqt.updater - INFO - updater 140413523543936 Patching /home/kalin/qt6-win/6.8.2/mingw_64/lib/pkgconfig/Qt6Sql.pc
2026-03-18 12:18:16,431 - aqt.updater - INFO - updater 140413523543936 Patching /home/kalin/qt6-win/6.8.2/mingw_64/lib/pkgconfig/Qt6PrintSupport.pc
2026-03-18 12:18:16,433 - aqt.updater - INFO - updater 140413523543936 Patching /home/kalin/qt6-win/6.8.2/mingw_64/lib/pkgconfig/Qt6QuickControls2MaterialStyleImpl.pc
2026-03-18 12:18:16,433 - aqt.updater - INFO - updater 140413523543936 Patching /home/kalin/qt6-win/6.8.2/mingw_64/lib/pkgconfig/Qt6LabsSettings.pc
2026-03-18 12:18:16,436 - aqt.updater - INFO - updater 140413523543936 Patching /home/kalin/qt6-win/6.8.2/mingw_64/lib/pkgconfig/Qt6Widgets.pc
2026-03-18 12:18:16,438 - aqt.updater - INFO - updater 140413523543936 Patching /home/kalin/qt6-win/6.8.2/mingw_64/lib/pkgconfig/Qt6LabsQmlModels.pc
2026-03-18 12:18:16,439 - aqt.updater - INFO - updater 140413523543936 Patching /home/kalin/qt6-win/6.8.2/mingw_64/lib/pkgconfig/Qt6QmlModels.pc
2026-03-18 12:18:16,444 - aqt.updater - INFO - updater 140413523543936 Patching /home/kalin/qt6-win/6.8.2/mingw_64/lib/pkgconfig/Qt6QuickLayouts.pc
2026-03-18 12:18:16,445 - aqt.updater - INFO - updater 140413523543936 Patching /home/kalin/qt6-win/6.8.2/mingw_64/lib/pkgconfig/Qt6QuickControls2Impl.pc
2026-03-18 12:18:16,446 - aqt.updater - INFO - updater 140413523543936 Patching /home/kalin/qt6-win/6.8.2/mingw_64/lib/pkgconfig/Qt6QuickVectorImage.pc
2026-03-18 12:18:16,449 - aqt.updater - INFO - updater 140413523543936 Patching /home/kalin/qt6-win/6.8.2/mingw_64/lib/pkgconfig/Qt6LabsSharedImage.pc
2026-03-18 12:18:16,450 - aqt.updater - INFO - updater 140413523543936 Patching /home/kalin/qt6-win/6.8.2/mingw_64/lib/pkgconfig/Qt6QuickControls2Fusion.pc
2026-03-18 12:18:16,451 - aqt.updater - INFO - updater 140413523543936 Patching /home/kalin/qt6-win/6.8.2/mingw_64/lib/pkgconfig/Qt6QmlCore.pc
2026-03-18 12:18:16,452 - aqt.updater - INFO - updater 140413523543936 Patching /home/kalin/qt6-win/6.8.2/mingw_64/lib/pkgconfig/Qt6QuickControls2Material.pc
2026-03-18 12:18:16,453 - aqt.updater - INFO - updater 140413523543936 Patching /home/kalin/qt6-win/6.8.2/mingw_64/lib/pkgconfig/Qt6LabsWavefrontMesh.pc
2026-03-18 12:18:16,455 - aqt.updater - INFO - updater 140413523543936 Patching /home/kalin/qt6-win/6.8.2/mingw_64/lib/pkgconfig/Qt6QuickControls2.pc
2026-03-18 12:18:16,458 - aqt.updater - INFO - updater 140413523543936 Patching /home/kalin/qt6-win/6.8.2/mingw_64/lib/pkgconfig/Qt6WebSockets.pc
2026-03-18 12:18:16,460 - aqt.updater - INFO - updater 140413523543936 Patching /home/kalin/qt6-win/6.8.2/mingw_64/lib/pkgconfig/Qt6QuickControls2ImagineStyleImpl.pc
2026-03-18 12:18:16,463 - aqt.updater - INFO - updater 140413523543936 Patching /home/kalin/qt6-win/6.8.2/mingw_64/lib/pkgconfig/Qt6QmlCompiler.pc
2026-03-18 12:18:16,463 - aqt.updater - INFO - updater 140413523543936 Patching /home/kalin/qt6-win/6.8.2/mingw_64/lib/pkgconfig/Qt6QmlMeta.pc
2026-03-18 12:18:16,464 - aqt.updater - INFO - updater 140413523543936 Patching /home/kalin/qt6-win/6.8.2/mingw_64/lib/pkgconfig/Qt6Designer.pc
2026-03-18 12:18:16,465 - aqt.updater - INFO - updater 140413523543936 Patching /home/kalin/qt6-win/6.8.2/mingw_64/lib/pkgconfig/Qt6Core.pc
2026-03-18 12:18:16,466 - aqt.updater - INFO - updater 140413523543936 Patching /home/kalin/qt6-win/6.8.2/mingw_64/lib/pkgconfig/Qt6QuickWidgets.pc
2026-03-18 12:18:16,467 - aqt.updater - INFO - updater 140413523543936 Patching /home/kalin/qt6-win/6.8.2/mingw_64/lib/pkgconfig/Qt6LabsFolderListModel.pc
2026-03-18 12:18:16,468 - aqt.updater - INFO - updater 140413523543936 Patching /home/kalin/qt6-win/6.8.2/mingw_64/lib/pkgconfig/Qt6Svg.pc
2026-03-18 12:18:16,469 - aqt.updater - INFO - updater 140413523543936 Patching /home/kalin/qt6-win/6.8.2/mingw_64/lib/pkgconfig/Qt6Network.pc
2026-03-18 12:18:16,470 - aqt.updater - INFO - updater 140413523543936 Patching /home/kalin/qt6-win/6.8.2/mingw_64/lib/pkgconfig/Qt6Quick.pc
2026-03-18 12:18:16,472 - aqt.updater - INFO - updater 140413523543936 Patching /home/kalin/qt6-win/6.8.2/mingw_64/lib/pkgconfig/Qt6Qml.pc
2026-03-18 12:18:16,474 - aqt.updater - INFO - updater 140413523543936 Patching /home/kalin/qt6-win/6.8.2/mingw_64/lib/pkgconfig/Qt6QuickTemplates2.pc
2026-03-18 12:18:16,475 - aqt.updater - INFO - updater 140413523543936 Patching /home/kalin/qt6-win/6.8.2/mingw_64/lib/pkgconfig/Qt6UiTools.pc
2026-03-18 12:18:16,476 - aqt.updater - INFO - updater 140413523543936 Patching /home/kalin/qt6-win/6.8.2/mingw_64/lib/pkgconfig/Qt6QuickControls2WindowsStyleImpl.pc
2026-03-18 12:18:16,477 - aqt.updater - INFO - updater 140413523543936 Patching /home/kalin/qt6-win/6.8.2/mingw_64/lib/pkgconfig/Qt6LabsAnimation.pc
2026-03-18 12:18:16,478 - aqt.updater - INFO - updater 140413523543936 Patching /home/kalin/qt6-win/6.8.2/mingw_64/lib/pkgconfig/Qt6QmlNetwork.pc
2026-03-18 12:18:16,480 - aqt.updater - INFO - updater 140413523543936 Patching /home/kalin/qt6-win/6.8.2/mingw_64/lib/pkgconfig/Qt6OpenGL.pc
2026-03-18 12:18:16,480 - aqt.updater - INFO - updater 140413523543936 Patching /home/kalin/qt6-win/6.8.2/mingw_64/lib/pkgconfig/Qt6QuickControls2FluentWinUI3StyleImpl.pc
2026-03-18 12:18:16,481 - aqt.updater - INFO - updater 140413523543936 Patching /home/kalin/qt6-win/6.8.2/mingw_64/lib/pkgconfig/Qt6DBus.pc
2026-03-18 12:18:16,482 - aqt.updater - INFO - updater 140413523543936 Patching /home/kalin/qt6-win/6.8.2/mingw_64/lib/pkgconfig/Qt6SvgWidgets.pc
2026-03-18 12:18:16,483 - aqt.updater - INFO - updater 140413523543936 Patching /home/kalin/qt6-win/6.8.2/mingw_64/lib/pkgconfig/Qt6OpenGLWidgets.pc
2026-03-18 12:18:16,483 - aqt.updater - INFO - updater 140413523543936 Patching /home/kalin/qt6-win/6.8.2/mingw_64/lib/pkgconfig/Qt6QuickControls2Basic.pc
2026-03-18 12:18:16,485 - aqt.updater - INFO - updater 140413523543936 Patching /home/kalin/qt6-win/6.8.2/mingw_64/lib/pkgconfig/Qt6QmlXmlListModel.pc
2026-03-18 12:18:16,485 - aqt.updater - INFO - updater 140413523543936 Patching /home/kalin/qt6-win/6.8.2/mingw_64/lib/pkgconfig/Qt6QuickDialogs2QuickImpl.pc
2026-03-18 12:18:16,486 - aqt.updater - INFO - updater 140413523543936 Patching /home/kalin/qt6-win/6.8.2/mingw_64/lib/pkgconfig/Qt6Linguist.pc
2026-03-18 12:18:16,487 - aqt.updater - INFO - updater 140413523543936 Patching /home/kalin/qt6-win/6.8.2/mingw_64/lib/pkgconfig/Qt6QuickControls2Imagine.pc
2026-03-18 12:18:16,488 - aqt.updater - INFO - updater 140413523543936 Patching /home/kalin/qt6-win/6.8.2/mingw_64/lib/pkgconfig/Qt6Gui.pc
2026-03-18 12:18:16,489 - aqt.updater - INFO - updater 140413523543936 Patching /home/kalin/qt6-win/6.8.2/mingw_64/lib/pkgconfig/Qt6QmlIntegration.pc
2026-03-18 12:18:16,491 - aqt.updater - INFO - updater 140413523543936 Patching /home/kalin/qt6-win/6.8.2/mingw_64/lib/pkgconfig/Qt6QuickControls2UniversalStyleImpl.pc
2026-03-18 12:18:16,493 - aqt.updater - INFO - updater 140413523543936 Patching /home/kalin/qt6-win/6.8.2/mingw_64/lib/pkgconfig/Qt6Platform.pc
2026-03-18 12:18:16,494 - aqt.updater - INFO - updater 140413523543936 Patching /home/kalin/qt6-win/6.8.2/mingw_64/lib/pkgconfig/Qt6QuickControls2Universal.pc
2026-03-18 12:18:16,495 - aqt.updater - INFO - updater 140413523543936 Patching /home/kalin/qt6-win/6.8.2/mingw_64/lib/pkgconfig/Qt6QuickTest.pc
2026-03-18 12:18:16,496 - aqt.updater - INFO - updater 140413523543936 Patching /home/kalin/qt6-win/6.8.2/mingw_64/lib/pkgconfig/Qt6QuickDialogs2.pc
2026-03-18 12:18:16,496 - aqt.updater - INFO - updater 140413523543936 Patching /home/kalin/qt6-win/6.8.2/mingw_64/lib/pkgconfig/Qt6UiPlugin.pc
2026-03-18 12:18:16,498 - aqt.updater - INFO - updater 140413523543936 Patching /home/kalin/qt6-win/6.8.2/mingw_64/lib/pkgconfig/Qt6Help.pc
2026-03-18 12:18:16,499 - aqt.updater - INFO - updater 140413523543936 Patching /home/kalin/qt6-win/6.8.2/mingw_64/lib/pkgconfig/Qt6QmlWorkerScript.pc
2026-03-18 12:18:16,499 - aqt.updater - INFO - updater 140413523543936 Patching /home/kalin/qt6-win/6.8.2/mingw_64/lib/pkgconfig/Qt6LabsPlatform.pc
2026-03-18 12:18:16,501 - aqt.updater - INFO - updater 140413523543936 Patching /home/kalin/qt6-win/6.8.2/mingw_64/lib/pkgconfig/Qt6Test.pc
2026-03-18 12:18:16,502 - aqt.updater - INFO - updater 140413523543936 Patching /home/kalin/qt6-win/6.8.2/mingw_64/lib/pkgconfig/Qt6Xml.pc
2026-03-18 12:18:16,503 - aqt.updater - INFO - updater 140413523543936 Patching /home/kalin/qt6-win/6.8.2/mingw_64/lib/pkgconfig/Qt6QmlAssetDownloader.pc
2026-03-18 12:18:16,503 - aqt.updater - INFO - updater 140413523543936 Patching /home/kalin/qt6-win/6.8.2/mingw_64/lib/pkgconfig/Qt6QuickControls2FusionStyleImpl.pc
2026-03-18 12:18:16,506 - aqt.updater - INFO - updater 140413523543936 Patching /home/kalin/qt6-win/6.8.2/mingw_64/lib/Qt6QmlToolingSettings.prl
2026-03-18 12:18:16,508 - aqt.updater - INFO - updater 140413523543936 Patching /home/kalin/qt6-win/6.8.2/mingw_64/lib/Qt6QmlTypeRegistrar.prl
2026-03-18 12:18:16,508 - aqt.updater - INFO - updater 140413523543936 Patching /home/kalin/qt6-win/6.8.2/mingw_64/lib/Qt6QuickVectorImage.prl
2026-03-18 12:18:16,509 - aqt.updater - INFO - updater 140413523543936 Patching /home/kalin/qt6-win/6.8.2/mingw_64/lib/Qt6QuickControls2Imagine.prl
2026-03-18 12:18:16,510 - aqt.updater - INFO - updater 140413523543936 Patching /home/kalin/qt6-win/6.8.2/mingw_64/lib/Qt6QuickControls2UniversalStyleImpl.prl
2026-03-18 12:18:16,510 - aqt.updater - INFO - updater 140413523543936 Patching /home/kalin/qt6-win/6.8.2/mingw_64/lib/Qt6ExampleIcons.prl
2026-03-18 12:18:16,511 - aqt.updater - INFO - updater 140413523543936 Patching /home/kalin/qt6-win/6.8.2/mingw_64/lib/Qt6Gui.prl
2026-03-18 12:18:16,511 - aqt.updater - INFO - updater 140413523543936 Patching /home/kalin/qt6-win/6.8.2/mingw_64/lib/Qt6QuickShapes.prl
2026-03-18 12:18:16,512 - aqt.updater - INFO - updater 140413523543936 Patching /home/kalin/qt6-win/6.8.2/mingw_64/lib/Qt6QuickControls2Universal.prl
2026-03-18 12:18:16,514 - aqt.updater - INFO - updater 140413523543936 Patching /home/kalin/qt6-win/6.8.2/mingw_64/lib/Qt6ExamplesAssetDownloader.prl
2026-03-18 12:18:16,514 - aqt.updater - INFO - updater 140413523543936 Patching /home/kalin/qt6-win/6.8.2/mingw_64/lib/Qt6QuickControls2FusionStyleImpl.prl
2026-03-18 12:18:16,515 - aqt.updater - INFO - updater 140413523543936 Patching /home/kalin/qt6-win/6.8.2/mingw_64/lib/Qt6FbSupport.prl
2026-03-18 12:18:16,516 - aqt.updater - INFO - updater 140413523543936 Patching /home/kalin/qt6-win/6.8.2/mingw_64/lib/Qt6Svg.prl
2026-03-18 12:18:16,517 - aqt.updater - INFO - updater 140413523543936 Patching /home/kalin/qt6-win/6.8.2/mingw_64/lib/Qt6QuickControlsTestUtils.prl
2026-03-18 12:18:16,518 - aqt.updater - INFO - updater 140413523543936 Patching /home/kalin/qt6-win/6.8.2/mingw_64/lib/Qt6QmlModels.prl
2026-03-18 12:18:16,519 - aqt.updater - INFO - updater 140413523543936 Patching /home/kalin/qt6-win/6.8.2/mingw_64/lib/Qt6WebSockets.prl
2026-03-18 12:18:16,520 - aqt.updater - INFO - updater 140413523543936 Patching /home/kalin/qt6-win/6.8.2/mingw_64/lib/Qt6QmlDebug.prl
2026-03-18 12:18:16,522 - aqt.updater - INFO - updater 140413523543936 Patching /home/kalin/qt6-win/6.8.2/mingw_64/lib/Qt6QmlCore.prl
2026-03-18 12:18:16,523 - aqt.updater - INFO - updater 140413523543936 Patching /home/kalin/qt6-win/6.8.2/mingw_64/lib/Qt6Designer.prl
2026-03-18 12:18:16,523 - aqt.updater - INFO - updater 140413523543936 Patching /home/kalin/qt6-win/6.8.2/mingw_64/lib/Qt6QuickControls2Basic.prl
2026-03-18 12:18:16,524 - aqt.updater - INFO - updater 140413523543936 Patching /home/kalin/qt6-win/6.8.2/mingw_64/lib/Qt6QuickParticles.prl
2026-03-18 12:18:16,525 - aqt.updater - INFO - updater 140413523543936 Patching /home/kalin/qt6-win/6.8.2/mingw_64/lib/Qt6QmlCompiler.prl
2026-03-18 12:18:16,526 - aqt.updater - INFO - updater 140413523543936 Patching /home/kalin/qt6-win/6.8.2/mingw_64/lib/Qt6LabsPlatform.prl
2026-03-18 12:18:16,527 - aqt.updater - INFO - updater 140413523543936 Patching /home/kalin/qt6-win/6.8.2/mingw_64/lib/Qt6QuickControls2MaterialStyleImpl.prl
2026-03-18 12:18:16,528 - aqt.updater - INFO - updater 140413523543936 Patching /home/kalin/qt6-win/6.8.2/mingw_64/lib/Qt6QmlLS.prl
2026-03-18 12:18:16,529 - aqt.updater - INFO - updater 140413523543936 Patching /home/kalin/qt6-win/6.8.2/mingw_64/lib/Qt6QmlLocalStorage.prl
2026-03-18 12:18:16,529 - aqt.updater - INFO - updater 140413523543936 Patching /home/kalin/qt6-win/6.8.2/mingw_64/lib/Qt6QuickControls2FluentWinUI3StyleImpl.prl
2026-03-18 12:18:16,530 - aqt.updater - INFO - updater 140413523543936 Patching /home/kalin/qt6-win/6.8.2/mingw_64/lib/Qt6QuickControls2BasicStyleImpl.prl
2026-03-18 12:18:16,531 - aqt.updater - INFO - updater 140413523543936 Patching /home/kalin/qt6-win/6.8.2/mingw_64/lib/Qt6Quick.prl
2026-03-18 12:18:16,531 - aqt.updater - INFO - updater 140413523543936 Patching /home/kalin/qt6-win/6.8.2/mingw_64/lib/Qt6QmlAssetDownloader.prl
2026-03-18 12:18:16,533 - aqt.updater - INFO - updater 140413523543936 Patching /home/kalin/qt6-win/6.8.2/mingw_64/lib/Qt6QuickControls2Material.prl
2026-03-18 12:18:16,533 - aqt.updater - INFO - updater 140413523543936 Patching /home/kalin/qt6-win/6.8.2/mingw_64/lib/Qt6QuickControls2Fusion.prl
2026-03-18 12:18:16,534 - aqt.updater - INFO - updater 140413523543936 Patching /home/kalin/qt6-win/6.8.2/mingw_64/lib/Qt6Help.prl
2026-03-18 12:18:16,535 - aqt.updater - INFO - updater 140413523543936 Patching /home/kalin/qt6-win/6.8.2/mingw_64/lib/Qt6QmlWorkerScript.prl
2026-03-18 12:18:16,536 - aqt.updater - INFO - updater 140413523543936 Patching /home/kalin/qt6-win/6.8.2/mingw_64/lib/Qt6QuickDialogs2QuickImpl.prl
2026-03-18 12:18:16,537 - aqt.updater - INFO - updater 140413523543936 Patching /home/kalin/qt6-win/6.8.2/mingw_64/lib/Qt6Widgets.prl
2026-03-18 12:18:16,537 - aqt.updater - INFO - updater 140413523543936 Patching /home/kalin/qt6-win/6.8.2/mingw_64/lib/Qt6LabsFolderListModel.prl
2026-03-18 12:18:16,538 - aqt.updater - INFO - updater 140413523543936 Patching /home/kalin/qt6-win/6.8.2/mingw_64/lib/Qt6QmlMeta.prl
2026-03-18 12:18:16,539 - aqt.updater - INFO - updater 140413523543936 Patching /home/kalin/qt6-win/6.8.2/mingw_64/lib/Qt6QmlNetwork.prl
2026-03-18 12:18:16,540 - aqt.updater - INFO - updater 140413523543936 Patching /home/kalin/qt6-win/6.8.2/mingw_64/lib/Qt6PacketProtocol.prl
2026-03-18 12:18:16,540 - aqt.updater - INFO - updater 140413523543936 Patching /home/kalin/qt6-win/6.8.2/mingw_64/lib/Qt6LabsQmlModels.prl
2026-03-18 12:18:16,541 - aqt.updater - INFO - updater 140413523543936 Patching /home/kalin/qt6-win/6.8.2/mingw_64/lib/Qt6Test.prl
2026-03-18 12:18:16,543 - aqt.updater - INFO - updater 140413523543936 Patching /home/kalin/qt6-win/6.8.2/mingw_64/lib/Qt6PrintSupport.prl
2026-03-18 12:18:16,543 - aqt.updater - INFO - updater 140413523543936 Patching /home/kalin/qt6-win/6.8.2/mingw_64/lib/Qt6QuickLayouts.prl
2026-03-18 12:18:16,545 - aqt.updater - INFO - updater 140413523543936 Patching /home/kalin/qt6-win/6.8.2/mingw_64/lib/Qt6QmlXmlListModel.prl
2026-03-18 12:18:16,546 - aqt.updater - INFO - updater 140413523543936 Patching /home/kalin/qt6-win/6.8.2/mingw_64/lib/Qt6QmlDom.prl
2026-03-18 12:18:16,547 - aqt.updater - INFO - updater 140413523543936 Patching /home/kalin/qt6-win/6.8.2/mingw_64/lib/Qt6DesignerComponents.prl
2026-03-18 12:18:16,548 - aqt.updater - INFO - updater 140413523543936 Patching /home/kalin/qt6-win/6.8.2/mingw_64/lib/Qt6SvgWidgets.prl
2026-03-18 12:18:16,549 - aqt.updater - INFO - updater 140413523543936 Patching /home/kalin/qt6-win/6.8.2/mingw_64/lib/Qt6UiTools.prl
2026-03-18 12:18:16,550 - aqt.updater - INFO - updater 140413523543936 Patching /home/kalin/qt6-win/6.8.2/mingw_64/lib/Qt6QuickVectorImageGenerator.prl
2026-03-18 12:18:16,552 - aqt.updater - INFO - updater 140413523543936 Patching /home/kalin/qt6-win/6.8.2/mingw_64/lib/Qt6EntryPoint.prl
2026-03-18 12:18:16,554 - aqt.updater - INFO - updater 140413523543936 Patching /home/kalin/qt6-win/6.8.2/mingw_64/lib/Qt6Sql.prl
2026-03-18 12:18:16,555 - aqt.updater - INFO - updater 140413523543936 Patching /home/kalin/qt6-win/6.8.2/mingw_64/lib/Qt6Core.prl
2026-03-18 12:18:16,556 - aqt.updater - INFO - updater 140413523543936 Patching /home/kalin/qt6-win/6.8.2/mingw_64/lib/Qt6DeviceDiscoverySupport.prl
2026-03-18 12:18:16,557 - aqt.updater - INFO - updater 140413523543936 Patching /home/kalin/qt6-win/6.8.2/mingw_64/lib/Qt6LabsAnimation.prl
2026-03-18 12:18:16,558 - aqt.updater - INFO - updater 140413523543936 Patching /home/kalin/qt6-win/6.8.2/mingw_64/lib/Qt6QuickEffects.prl
2026-03-18 12:18:16,559 - aqt.updater - INFO - updater 140413523543936 Patching /home/kalin/qt6-win/6.8.2/mingw_64/lib/Qt6Concurrent.prl
2026-03-18 12:18:16,560 - aqt.updater - INFO - updater 140413523543936 Patching /home/kalin/qt6-win/6.8.2/mingw_64/lib/Qt6DBus.prl
2026-03-18 12:18:16,561 - aqt.updater - INFO - updater 140413523543936 Patching /home/kalin/qt6-win/6.8.2/mingw_64/lib/Qt6LabsWavefrontMesh.prl
2026-03-18 12:18:16,562 - aqt.updater - INFO - updater 140413523543936 Patching /home/kalin/qt6-win/6.8.2/mingw_64/lib/Qt6LabsSettings.prl
2026-03-18 12:18:16,564 - aqt.updater - INFO - updater 140413523543936 Patching /home/kalin/qt6-win/6.8.2/mingw_64/lib/Qt6QuickDialogs2.prl
2026-03-18 12:18:16,564 - aqt.updater - INFO - updater 140413523543936 Patching /home/kalin/qt6-win/6.8.2/mingw_64/lib/Qt6QuickTestUtils.prl
2026-03-18 12:18:16,565 - aqt.updater - INFO - updater 140413523543936 Patching /home/kalin/qt6-win/6.8.2/mingw_64/lib/Qt6Qml.prl
2026-03-18 12:18:16,568 - aqt.updater - INFO - updater 140413523543936 Patching /home/kalin/qt6-win/6.8.2/mingw_64/lib/Qt6QuickControls2ImagineStyleImpl.prl
2026-03-18 12:18:16,570 - aqt.updater - INFO - updater 140413523543936 Patching /home/kalin/qt6-win/6.8.2/mingw_64/lib/Qt6QuickControls2Impl.prl
2026-03-18 12:18:16,571 - aqt.updater - INFO - updater 140413523543936 Patching /home/kalin/qt6-win/6.8.2/mingw_64/lib/Qt6QuickWidgets.prl
2026-03-18 12:18:16,573 - aqt.updater - INFO - updater 140413523543936 Patching /home/kalin/qt6-win/6.8.2/mingw_64/lib/Qt6QuickTest.prl
2026-03-18 12:18:16,574 - aqt.updater - INFO - updater 140413523543936 Patching /home/kalin/qt6-win/6.8.2/mingw_64/lib/Qt6QuickTemplates2.prl
2026-03-18 12:18:16,575 - aqt.updater - INFO - updater 140413523543936 Patching /home/kalin/qt6-win/6.8.2/mingw_64/lib/Qt6Xml.prl
2026-03-18 12:18:16,577 - aqt.updater - INFO - updater 140413523543936 Patching /home/kalin/qt6-win/6.8.2/mingw_64/lib/Qt6QuickControls2WindowsStyleImpl.prl
2026-03-18 12:18:16,578 - aqt.updater - INFO - updater 140413523543936 Patching /home/kalin/qt6-win/6.8.2/mingw_64/lib/Qt6QuickControls2.prl
2026-03-18 12:18:16,581 - aqt.updater - INFO - updater 140413523543936 Patching /home/kalin/qt6-win/6.8.2/mingw_64/lib/Qt6LabsSharedImage.prl
2026-03-18 12:18:16,583 - aqt.updater - INFO - updater 140413523543936 Patching /home/kalin/qt6-win/6.8.2/mingw_64/lib/Qt6Network.prl
2026-03-18 12:18:16,584 - aqt.updater - INFO - updater 140413523543936 Patching /home/kalin/qt6-win/6.8.2/mingw_64/lib/Qt6OpenGLWidgets.prl
2026-03-18 12:18:16,585 - aqt.updater - INFO - updater 140413523543936 Patching /home/kalin/qt6-win/6.8.2/mingw_64/lib/Qt6OpenGL.prl
2026-03-18 12:18:16,587 - aqt.updater - INFO - updater 140413523543936 Patching /home/kalin/qt6-win/6.8.2/mingw_64/lib/Qt6QuickDialogs2Utils.prl
2026-03-18 12:18:16,589 - aqt.main - INFO - installer 140413523543936 Finished installation
2026-03-18 12:18:16,589 - aqt.main - INFO - installer 140413523543936 Time elapsed: 26.57423357 second
